// Jest Snapshot v1, https://goo.gl/fbAQLP

exports[`<BrowserNavBar /> renders correctly 1`] = `
<div
  className="browserNavBar"
>
  <dl>
    <React.Memo
      browserNavItem={
        Object {
          "description": "navigate up",
          "detail": Object {
            "move_up_px": 50,
          },
          "icon": Object {
            "off": Object {},
            "on": Object {},
          },
          "name": "navigate-up",
        }
      }
      key="navigate-up"
    />
    <React.Memo
      browserNavItem={
        Object {
          "description": "navigate down",
          "detail": Object {
            "move_down_px": 50,
          },
          "icon": Object {
            "off": Object {},
            "on": Object {},
          },
          "name": "navigate-down",
        }
      }
      key="navigate-down"
    />
    <React.Memo
      browserNavItem={
        Object {
          "description": "zoom out",
          "detail": Object {
            "zoom_by": -0.3,
          },
          "icon": Object {
            "off": Object {},
            "on": Object {},
          },
          "name": "zoom-out",
        }
      }
      key="zoom-out"
    />
    <React.Memo
      browserNavItem={
        Object {
          "description": "zoom in",
          "detail": Object {
            "zoom_by": 0.3,
          },
          "icon": Object {
            "off": Object {},
            "on": Object {},
          },
          "name": "zoom-in",
        }
      }
      key="zoom-in"
    />
    <React.Memo
      browserNavItem={
        Object {
          "description": "navigate left",
          "detail": Object {
            "move_left_px": 50,
          },
          "icon": Object {
            "off": Object {},
            "on": Object {},
          },
          "name": "navigate left",
        }
      }
      key="navigate left"
    />
    <React.Memo
      browserNavItem={
        Object {
          "description": "navigate right",
          "detail": Object {
            "move_right_px": 50,
          },
          "icon": Object {
            "off": Object {},
            "on": Object {},
          },
          "name": "navigate right",
        }
      }
      key="navigate right"
    />
  </dl>
</div>
`;
