// Jest Snapshot v1, https://goo.gl/fbAQLP

exports[`createBlastSequenceAlignment long alignments wrapping over multiple lines produces correct output 1`] = `
"Query 10      TTCAACAGGAGCAGGAGAACAAAATCCAGTCTCATAGCAGAGGAGAATATAATGTTTACA 69
              ||||||||||||||  |||||||||||  ||| | |||||| | |||||  |||||||||
Sbjct 1095275 TTCAACAGGAGCAGATGAACAAAATCCCATCTTA-AGCAGAAGGGAATACCATGTTTACA 1095217

Query 70      GCACCTTCCAGAGCCATGAACCAGAGTTTGACTACTTGAAAAGTTTAGAAATAGAAGAAA 129
              | ||||| |||| | |||| |||||||||||| |||||||||||||||||| ||||||||
Sbjct 1095276 GGACCTTTCAGAACGATGAGCCAGAGTTTGACCACTTGAAAAGTTTAGAAAGAGAAGAAA 1095217

Query 130     AGATCAACAAAATTAGGTGGTTACCCC-AGAAAAATGCTGCTCAGTTTTTATTGTCTACC 188
              || ||||||||  ||||||||| |||  |||||||| |||||||||    ||||||||||
Sbjct 1095277 AGTTCAACAAAGCTAGGTGGTTTCCCTGAGAAAAATTCTGCTCAGT----ATTGTCTACC 1095222

Query 189     AATGATAAAACAATAAAATTATGGAAAATCAGTGAAAGGGACAAAAGACCAGAAGGGTAT 248
              ||| ||||||||||| |||||||||||||||||||||||||||||||||||||||| |||
Sbjct 1095278 AATAATAAAACAATACAATTATGGAAAATCAGTGAAAGGGACAAAAGACCAGAAGGATAT 1095219

Query 249     AACTTGAAAGAGGAGGATGGAAGGTATAGAGATCCTACTACAGTTACTACACTACGAGTG 308
              |||||| ||||||| |||||   || ||||||| | || || | |||| ||||  |||||
Sbjct 1095279 AACTTG-AAGAGGAAGATGGGGTGTGTAGAGATGCCACCACGGCTACTGCACTGTGAGTG 1095221

Query 309     CCAGTCTTTAGGCCTATGGATCTAATGGTTGAGGCCAGTCCACGAAGAATATTTGCCAAT 368
              |||||| |||||||  ||| ||||  ||| |  | || ||||| ||||  || |||||||
Sbjct 1095280 CCAGTCGTTAGGCCCGTGGGTCTAGGGGTCGCAGTCACTCCACAAAGAGCATCTGCCAAT 1095221

Query 369     GCTCATACATATCACATCAACTCAATTTCTATTAATAGTGATTATGAAACATATTTATCT 428
              ||||||||   ||||| |||||||||| || ||||||| |||| ||||||||||||||||
Sbjct 1095281 GCTCATACTGGTCACACCAACTCAATTCCTGTTAATAGAGATTTTGAAACATATTTATCT 1095222

Query 429     GCAGATGATTTGCGGATTAA-------TCTTTGGCATCTGGAAATTACAGACAGGAGTTT 481
              |||| |||||||| ||| ||       |||||||||||||||||||| ||||||||||||
Sbjct 1095282 GCAGGTGATTTGCAGATCAAAATCAAGTCTTTGGCATCTGGAAATTATAGACAGGAGTTT 1095223

Query 482     TAACATTGTGGATATCAAGCCTGCCAATATGGAAGAGCTAACAGAGGTGATTACAGCAGC 541
              ||| ||||||||||||||||||| ||||||||||||||||||  |||||||| |||| ||
Sbjct 1095283 TAATATTGTGGATATCAAGCCTGACAATATGGAAGAGCTAAC--AGGTGATTTCAGCCGC 1095226

Query 542     AGAATTTCATCCAAACAGCTGTAACACATTTGTATACAGCAGCAGTAAAGGAACTATTCG 601
              |||||| ||||  ||||||| |||||||| |||||  ||||||||||||||||||||| |
Sbjct 1095284 AGAATTCCATCTGAACAGCTATAACACATCTGTATCTAGCAGCAGTAAAGGAACTATTTG 1095225

Query 602     GCTATGTGACATGAGGGCATCTGCCCTCTGTGATAGACATTCTAAATTGTTTGAAGAACC 661
                 |||||||||||| || ||||||||||||||||| || |||| |     |||||||||
Sbjct 1095285 CTCATGTGACATGAGAGCGTCTGCCCTCTGTGATAGGCA-TCTACA----CTGAAGAACC 1095231

Query 662     TGAAGATCCCAGTAACAGGTCATTTTTTTCCGAAATCATCTCCTCTATTTCGGATGTAAA 721
              ||| ||| |||||||  |||||||||| || ||||||||||     ||||| || |||||
Sbjct 1095286 TGATGATTCCAGTAATGGGTCATTTTTGTCTGAAATCATCT----AATTTCTGACGTAAA 1095231

Query 722     ATTCAGCCATAGTGGTCGATATATGATGACTAGAGACTATTTGTCAGTCAAAATTTGGGA 781
              ||||||||||||||||| | ||||||||| ||||||| |||||| |||||||| |||| |
Sbjct 1095287 ATTCAGCCATAGTGGTC-AAATATGATGA-TAGAGACCATTTGTTAGTCAAAAGTTGGAA 1095230

Query 782     CTTAAATATGGAAAAC 797
              ||| ||||||||||||
Sbjct 1095288 CTTCAATATGGAAAAC 1095273

"
`;
