// Vitest Snapshot v1, https://vitest.dev/guide/snapshot.html

exports[`createBlastSequenceAlignment > long alignments wrapping over multiple lines > produces correct output 1`] = `
"       Query 10 TTCAACAGGAGCAGGAGAACAAAATCCAGTCTCATAGCAGAGGAGAATATAATGTTTACA 69
              1 ||||||||||||||  |||||||||||  ||| | |||||| | |||||  ||||||||| 60
Subject 1095275 TTCAACAGGAGCAGATGAACAAAATCCCATCTTA-AGCAGAAGGGAATACCATGTTTACA 1095217

       Query 70 GCACCTTCCAGAGCCATGAACCAGAGTTTGACTACTTGAAAAGTTTAGAAATAGAAGAAA 129
             61 | ||||| |||| | |||| |||||||||||| |||||||||||||||||| |||||||| 120
Subject 1095216 GGACCTTTCAGAACGATGAGCCAGAGTTTGACCACTTGAAAAGTTTAGAAAGAGAAGAAA 1095157

      Query 130 AGATCAACAAAATTAGGTGGTTACCCC-AGAAAAATGCTGCTCAGTTTTTATTGTCTACC 188
            121 || ||||||||  ||||||||| |||  |||||||| |||||||||    |||||||||| 180
Subject 1095156 AGTTCAACAAAGCTAGGTGGTTTCCCTGAGAAAAATTCTGCTCAGT----ATTGTCTACC 1095101

      Query 189 AATGATAAAACAATAAAATTATGGAAAATCAGTGAAAGGGACAAAAGACCAGAAGGGTAT 248
            181 ||| ||||||||||| |||||||||||||||||||||||||||||||||||||||| ||| 240
Subject 1095100 AATAATAAAACAATACAATTATGGAAAATCAGTGAAAGGGACAAAAGACCAGAAGGATAT 1095041

      Query 249 AACTTGAAAGAGGAGGATGGAAGGTATAGAGATCCTACTACAGTTACTACACTACGAGTG 308
            241 |||||| ||||||| |||||   || ||||||| | || || | |||| ||||  ||||| 300
Subject 1095040 AACTTG-AAGAGGAAGATGGGGTGTGTAGAGATGCCACCACGGCTACTGCACTGTGAGTG 1094982

      Query 309 CCAGTCTTTAGGCCTATGGATCTAATGGTTGAGGCCAGTCCACGAAGAATATTTGCCAAT 368
            301 |||||| |||||||  ||| ||||  ||| |  | || ||||| ||||  || ||||||| 360
Subject 1094981 CCAGTCGTTAGGCCCGTGGGTCTAGGGGTCGCAGTCACTCCACAAAGAGCATCTGCCAAT 1094922

      Query 369 GCTCATACATATCACATCAACTCAATTTCTATTAATAGTGATTATGAAACATATTTATCT 428
            361 ||||||||   ||||| |||||||||| || ||||||| |||| |||||||||||||||| 420
Subject 1094921 GCTCATACTGGTCACACCAACTCAATTCCTGTTAATAGAGATTTTGAAACATATTTATCT 1094862

      Query 429 GCAGATGATTTGCGGATTAA-------TCTTTGGCATCTGGAAATTACAGACAGGAGTTT 481
            421 |||| |||||||| ||| ||       |||||||||||||||||||| |||||||||||| 480
Subject 1094861 GCAGGTGATTTGCAGATCAAAATCAAGTCTTTGGCATCTGGAAATTATAGACAGGAGTTT 1094802

      Query 482 TAACATTGTGGATATCAAGCCTGCCAATATGGAAGAGCTAACAGAGGTGATTACAGCAGC 541
            481 ||| ||||||||||||||||||| ||||||||||||||||||  |||||||| |||| || 540
Subject 1094801 TAATATTGTGGATATCAAGCCTGACAATATGGAAGAGCTAAC--AGGTGATTTCAGCCGC 1094744

      Query 542 AGAATTTCATCCAAACAGCTGTAACACATTTGTATACAGCAGCAGTAAAGGAACTATTCG 601
            541 |||||| ||||  ||||||| |||||||| |||||  ||||||||||||||||||||| | 600
Subject 1094743 AGAATTCCATCTGAACAGCTATAACACATCTGTATCTAGCAGCAGTAAAGGAACTATTTG 1094684

      Query 602 GCTATGTGACATGAGGGCATCTGCCCTCTGTGATAGACATTCTAAATTGTTTGAAGAACC 661
            601    |||||||||||| || ||||||||||||||||| || |||| |     ||||||||| 660
Subject 1094683 CTCATGTGACATGAGAGCGTCTGCCCTCTGTGATAGGCA-TCTACA----CTGAAGAACC 1094629

      Query 662 TGAAGATCCCAGTAACAGGTCATTTTTTTCCGAAATCATCTCCTCTATTTCGGATGTAAA 721
            661 ||| ||| |||||||  |||||||||| || ||||||||||     ||||| || ||||| 720
Subject 1094628 TGATGATTCCAGTAATGGGTCATTTTTGTCTGAAATCATCT----AATTTCTGACGTAAA 1094573

      Query 722 ATTCAGCCATAGTGGTCGATATATGATGACTAGAGACTATTTGTCAGTCAAAATTTGGGA 781
            721 ||||||||||||||||| | ||||||||| ||||||| |||||| |||||||| |||| | 780
Subject 1094572 ATTCAGCCATAGTGGTC-AAATATGATGA-TAGAGACCATTTGTTAGTCAAAAGTTGGAA 1094515

      Query 782 CTTAAATATGGAAAAC 797
            781 ||| |||||||||||| 796
Subject 1094514 CTTCAATATGGAAAAC 1094499

"
`;
