// Jest Snapshot v1, https://goo.gl/fbAQLP

exports[`<Launchbar /> renders correctly 1`] = `
<ForwardRef
  transitionOnAppear={false}
>
  <div
    className="launchbar"
  >
    <div
      className="categoriesWrapper"
    >
      <div
        className="categories"
      >
        <dl
          className="border"
          key="search"
        >
          <dt
            className="global-searchIcon"
            key="global-search"
          >
            <React.Memo
              app={
                Object {
                  "description": "global search",
                  "icon": Object {
                    "default": Object {},
                    "grey": Object {},
                    "selected": Object {},
                  },
                  "name": "global-search",
                }
              }
              currentApp=""
            />
          </dt>
          <dt
            className="species-selectorIcon"
            key="species-selector"
          >
            <React.Memo
              app={
                Object {
                  "description": "species selector",
                  "icon": Object {
                    "default": Object {},
                    "grey": Object {},
                    "selected": Object {},
                  },
                  "name": "species-selector",
                }
              }
              currentApp=""
            />
          </dt>
        </dl>
        <dl
          className="border"
          key="browsers"
        >
          <dt
            className="browserIcon"
            key="browser"
          >
            <React.Memo
              app={
                Object {
                  "description": "browser",
                  "icon": Object {
                    "default": Object {},
                    "selected": Object {},
                  },
                  "name": "browser",
                }
              }
              currentApp=""
            />
          </dt>
        </dl>
        <dl
          className="border"
          key="tools"
        >
          <dt
            className="toolsIcon"
            key="tools"
          >
            <React.Memo
              app={
                Object {
                  "description": "tools",
                  "icon": Object {
                    "default": Object {},
                    "grey": Object {},
                    "selected": Object {},
                  },
                  "name": "tools",
                }
              }
              currentApp=""
            />
          </dt>
        </dl>
        <dl
          className="border"
          key="downloads"
        >
          <dt
            className="downloadIcon"
            key="download"
          >
            <React.Memo
              app={
                Object {
                  "description": "download",
                  "icon": Object {
                    "default": Object {},
                    "grey": Object {},
                    "selected": Object {},
                  },
                  "name": "download",
                }
              }
              currentApp=""
            />
          </dt>
        </dl>
        <dl
          className=""
          key="learning"
        >
          <dt
            className="help-docsIcon"
            key="help-docs"
          >
            <React.Memo
              app={
                Object {
                  "description": "help and documentation",
                  "icon": Object {
                    "default": Object {},
                    "grey": Object {},
                    "selected": Object {},
                  },
                  "name": "help-docs",
                }
              }
              currentApp=""
            />
          </dt>
        </dl>
      </div>
    </div>
    <div
      className="about"
    >
      <dl>
        <dt
          className="aboutIcon"
        >
          <React.Memo
            app={
              Object {
                "description": "about ensembl",
                "icon": Object {
                  "default": Object {},
                  "selected": Object {},
                },
                "name": "about",
              }
            }
            currentApp=""
          />
        </dt>
      </dl>
    </div>
  </div>
</ForwardRef>
`;
