// Jest Snapshot v1, https://goo.gl/fbAQLP

exports[`<LaunchbarContainer /> renders correctly 1`] = `
<div
  class="react-slidedown"
>
  <div
    class="launchbar"
  >
    <div
      class="categoriesWrapper"
    >
      <div
        class="categories"
      >
        <dl
          class="border"
        >
          <dt
            class="global-searchIcon"
          >
            <a
              href="/app/global-search"
            >
              <img
                alt="global search"
                class="launchbarIcon"
                src="[object Object]"
                title="global search"
              />
            </a>
          </dt>
          <dt
            class="species-selectorIcon"
          >
            <a
              href="/app/species-selector"
            >
              <img
                alt="species selector"
                class="launchbarIcon"
                src="[object Object]"
                title="species selector"
              />
            </a>
          </dt>
        </dl>
        <dl
          class="border"
        >
          <dt
            class="browserIcon"
          >
            <a
              href="/app/browser"
            >
              <img
                alt="browser"
                class="launchbarIcon"
                src="[object Object]"
                title="browser"
              />
            </a>
          </dt>
        </dl>
        <dl
          class="border"
        >
          <dt
            class="toolsIcon"
          >
            <a
              href="/app/tools"
            >
              <img
                alt="tools"
                class="launchbarIcon"
                src="[object Object]"
                title="tools"
              />
            </a>
          </dt>
        </dl>
        <dl
          class="border"
        >
          <dt
            class="downloadIcon"
          >
            <a
              href="/app/download"
            >
              <img
                alt="download"
                class="launchbarIcon"
                src="[object Object]"
                title="download"
              />
            </a>
          </dt>
        </dl>
        <dl
          class=""
        >
          <dt
            class="help-docsIcon"
          >
            <a
              href="/app/help-docs"
            >
              <img
                alt="help and documentation"
                class="launchbarIcon"
                src="[object Object]"
                title="help and documentation"
              />
            </a>
          </dt>
        </dl>
      </div>
    </div>
    <div
      class="about"
    >
      <dl>
        <dt
          class="aboutIcon"
        >
          <a
            href="/app/about"
          >
            <img
              alt="about ensembl"
              class="launchbarIcon"
              src="[object Object]"
              title="about ensembl"
            />
          </a>
        </dt>
      </dl>
    </div>
  </div>
</div>
`;

exports[`<LaunchbarIcon /> renders correctly 1`] = `
<Link
  replace={false}
  to="/app/about"
>
  <img
    alt="about ensembl"
    src="/assets/img/launchbar/ensembl-selected.svg"
    title="about ensembl"
  />
</Link>
`;
