// Jest Snapshot v1, https://goo.gl/fbAQLP

exports[`<BrowserBar /> renders correctly 1`] = `
<div
  className="browserBar"
>
  <div
    className="browserInfo"
  >
    <dl
      className="browserInfoLeft"
    >
      <dd
        className="resetButton"
      >
        <button>
          <img
            alt="reset browser image"
            src={Object {}}
          />
        </button>
      </dd>
      <dd
        className="geneSymbol"
      >
        <label>
          Gene
        </label>
        <span
          className="value"
        >
          BRAC2
        </span>
      </dd>
      <dd>
        <label>
          Stable ID
        </label>
        <span
          className="value"
        >
          ENSG00000139618
        </span>
      </dd>
      <dd>
        <label>
          Spliced mRNA length
        </label>
        <span
          className="value"
        >
          84,793
        </span>
        <label>
          bp
        </label>
      </dd>
      <dd>
        protein coding
      </dd>
      <dd>
        forward strand
      </dd>
    </dl>
    <dl
      className="browserInfoRight"
    >
      <dd>
        <label>
          Chromosome
        </label>
        <ContentEditable
          className="content-editable-box"
          html="13"
        />
        <ContentEditable
          html="32,315,474 - 32,400,266"
        />
      </dd>
      <dd
        className="navigator"
      >
        <button
          onClick={[MockFunction]}
          title="toggle browser navigation"
        >
          <img
            alt="toggle browser navigation"
            src={Object {}}
          />
        </button>
      </dd>
    </dl>
  </div>
  <dl
    className="browserTabs"
  >
    <dd>
      <button
        className="active"
      >
        Key Data
      </button>
    </dd>
    <dd>
      <button>
        Variation
      </button>
    </dd>
    <dd>
      <button>
        Expression
      </button>
    </dd>
  </dl>
</div>
`;
